Plugin v0.0.1 running on KiCad 10.0.4 and Python 3.11.5 (main, Jan 23 2026, 07:39:48) [MSC v.1944 64 bit (AMD64)] on win32.
Valid Board found for C:\Users\jayde\hackclubprojects\SRAM\kicad\sramBoard\sramBoard.kicad_sch
18 sheet instances entries in C:\Users\jayde\hackclubprojects\SRAM\kicad\sramBoard\sramBoard.kicad_sch
Valid Board found for C:\Users\jayde\hackclubprojects\SRAM\kicad\sramBoard\8BIT_ROW\8BIT_ROW.kicad_sch
Valid Board found for C:\Users\jayde\hackclubprojects\SRAM\kicad\sramBoard\LOGIC_TO_WL_LEVEL_SHIFT\LOGIC_TO_WL_LEVEL_SHIFT.kicad_sch
Valid Board found for C:\Users\jayde\hackclubprojects\SRAM\kicad\sramBoard\1_16_5V_DEMUX_NOTOUT\1_16_5V_DEMUX_NOTOUT.kicad_sch
Anchor changed to Q9
Anchor changed to Q1222
Anchor changed to Q104
Enabled leaf: 01567c42-bc88-474e-869b-e5eb6f1f67c5
Enabled leaf: 114b08f3-3b7e-42ed-8ce4-d3fd139423d8
Enabled leaf: 143dd1b0-df8d-49ab-b4e7-0788fbdc66b0
Enabled leaf: 1b10016b-7324-4c39-b57b-5a3333f284bd
Enabled leaf: 22068ac8-f3db-42fc-b690-634a25738462
Enabled leaf: 3075c1ff-51e4-467a-879e-859784573f14
Enabled leaf: 32d74872-01d4-4777-8826-6518c1f3c256
Enabled leaf: 48a2877d-00b1-4f95-9fb1-8dce7444406f
Enabled leaf: 54e1da9a-93f5-41a4-a22e-3377c4601832
Enabled leaf: 62908514-578e-4b2e-bcb0-cab684fe3124
Enabled leaf: 6356eaf7-0e22-4bce-856e-3c4d6adc1a69
Enabled leaf: 7f57749b-2848-4322-a579-b270760a13c3
Enabled leaf: 94d5634e-aacc-48b3-a5f3-ee9d806fc599
Enabled leaf: a0132d23-2efe-4baa-845a-d59f49944fa0
Enabled leaf: a536d280-baef-4c0e-b1d1-0e9c25cba4cd
Enabled leaf: b2441238-aee5-40c0-a9ec-2aa0cdbb6eeb
Enabled leaf: c82dc8a0-2642-46c7-8ac0-14fe1a066d3f
Enabled leaf: e647ce2c-7ba0-45da-a8cf-3a4f16550447
Root item: <wx._dataview.TreeListItem object at 0x0000025ECA3C16C0>
Valid board for 01567c42-bc88-474e-869b-e5eb6f1f67c5
Valid child board for 
Instance is a branch: Root
Valid board for 01567c42-bc88-474e-869b-e5eb6f1f67c5
Instance is a leaf: /01567c42-bc88-474e-869b-e5eb6f1f67c5
Valid board for 114b08f3-3b7e-42ed-8ce4-d3fd139423d8
Instance is a leaf: /114b08f3-3b7e-42ed-8ce4-d3fd139423d8
Valid board for 143dd1b0-df8d-49ab-b4e7-0788fbdc66b0
Instance is a leaf: /143dd1b0-df8d-49ab-b4e7-0788fbdc66b0
Valid board for 1b10016b-7324-4c39-b57b-5a3333f284bd
Instance is a leaf: /1b10016b-7324-4c39-b57b-5a3333f284bd
Valid board for 22068ac8-f3db-42fc-b690-634a25738462
Instance is a leaf: /22068ac8-f3db-42fc-b690-634a25738462
Valid board for 3075c1ff-51e4-467a-879e-859784573f14
Instance is a leaf: /3075c1ff-51e4-467a-879e-859784573f14
Valid board for 32d74872-01d4-4777-8826-6518c1f3c256
Instance is a leaf: /32d74872-01d4-4777-8826-6518c1f3c256
Valid board for 48a2877d-00b1-4f95-9fb1-8dce7444406f
Instance is a leaf: /48a2877d-00b1-4f95-9fb1-8dce7444406f
Valid board for 54e1da9a-93f5-41a4-a22e-3377c4601832
Instance is a leaf: /54e1da9a-93f5-41a4-a22e-3377c4601832
Valid board for 62908514-578e-4b2e-bcb0-cab684fe3124
Instance is a leaf: /62908514-578e-4b2e-bcb0-cab684fe3124
Valid board for 6356eaf7-0e22-4bce-856e-3c4d6adc1a69
Instance is a leaf: /6356eaf7-0e22-4bce-856e-3c4d6adc1a69
Valid board for 7f57749b-2848-4322-a579-b270760a13c3
Instance is a leaf: /7f57749b-2848-4322-a579-b270760a13c3
Valid board for 94d5634e-aacc-48b3-a5f3-ee9d806fc599
Instance is a leaf: /94d5634e-aacc-48b3-a5f3-ee9d806fc599
Valid board for a0132d23-2efe-4baa-845a-d59f49944fa0
Instance is a leaf: /a0132d23-2efe-4baa-845a-d59f49944fa0
Valid board for a536d280-baef-4c0e-b1d1-0e9c25cba4cd
Instance is a leaf: /a536d280-baef-4c0e-b1d1-0e9c25cba4cd
Valid board for b2441238-aee5-40c0-a9ec-2aa0cdbb6eeb
Instance is a leaf: /b2441238-aee5-40c0-a9ec-2aa0cdbb6eeb
Valid board for c82dc8a0-2642-46c7-8ac0-14fe1a066d3f
Instance is a leaf: /c82dc8a0-2642-46c7-8ac0-14fe1a066d3f
Valid board for e647ce2c-7ba0-45da-a8cf-3a4f16550447
Instance is a leaf: /e647ce2c-7ba0-45da-a8cf-3a4f16550447
Saving info for 01567c42-bc88-474e-869b-e5eb6f1f67c5
Saving info for 114b08f3-3b7e-42ed-8ce4-d3fd139423d8
Saving info for 143dd1b0-df8d-49ab-b4e7-0788fbdc66b0
Saving info for 1b10016b-7324-4c39-b57b-5a3333f284bd
Saving info for 22068ac8-f3db-42fc-b690-634a25738462
Saving info for 3075c1ff-51e4-467a-879e-859784573f14
Saving info for 32d74872-01d4-4777-8826-6518c1f3c256
Saving info for 48a2877d-00b1-4f95-9fb1-8dce7444406f
Saving info for 54e1da9a-93f5-41a4-a22e-3377c4601832
Saving info for 62908514-578e-4b2e-bcb0-cab684fe3124
Saving info for 6356eaf7-0e22-4bce-856e-3c4d6adc1a69
Saving info for 7f57749b-2848-4322-a579-b270760a13c3
Saving info for 94d5634e-aacc-48b3-a5f3-ee9d806fc599
Saving info for a0132d23-2efe-4baa-845a-d59f49944fa0
Saving info for a536d280-baef-4c0e-b1d1-0e9c25cba4cd
Saving info for b2441238-aee5-40c0-a9ec-2aa0cdbb6eeb
Saving info for c82dc8a0-2642-46c7-8ac0-14fe1a066d3f
Saving info for e647ce2c-7ba0-45da-a8cf-3a4f16550447
Saving anchor Q9 for C:\Users\jayde\hackclubprojects\SRAM\kicad\sramBoard\8BIT_ROW\8BIT_ROW.kicad_sch
Saving anchor Q1222 for C:\Users\jayde\hackclubprojects\SRAM\kicad\sramBoard\LOGIC_TO_WL_LEVEL_SHIFT\LOGIC_TO_WL_LEVEL_SHIFT.kicad_sch
Saving anchor Q104 for C:\Users\jayde\hackclubprojects\SRAM\kicad\sramBoard\1_16_5V_DEMUX_NOTOUT\1_16_5V_DEMUX_NOTOUT.kicad_sch
Saved.
