Plugin v0.0.1 running on KiCad 10.0.4 and Python 3.11.5 (main, Jan 23 2026, 07:39:48) [MSC v.1944 64 bit (AMD64)] on win32.
Config file C:\Users\jayde\hackclubprojects\SRAM\kicad\sramBoard\1_16_5V_DEMUX_NOTOUT\1_16_5V_DEMUX_NOTOUT.projinst.json not found. Creating new one.
C:\Users\jayde\hackclubprojects\SRAM\kicad\sramBoard\1_16_5V_DEMUX_NOTOUT\1_16_5V_DEMUX_NOTOUT.kicad_pcb doesn't exist
20 sheet instances entries in C:\Users\jayde\hackclubprojects\SRAM\kicad\sramBoard\1_16_5V_DEMUX_NOTOUT\1_16_5V_DEMUX_NOTOUT.kicad_sch
Valid Board found for C:\Users\jayde\hackclubprojects\SRAM\kicad\sramBoard\1_16_5V_DEMUX_NOTOUT\5V_5NAND\5V_5NAND.kicad_sch
Valid Board found for C:\Users\jayde\hackclubprojects\SRAM\kicad\sramBoard\1_16_5V_DEMUX_NOTOUT\5VNOT\5VNOT.kicad_sch
New Anchor not found
New Anchor not found
Enabled leaf: 00a5238f-a54e-4948-8b28-7676fff079b4
Enabled leaf: 0600d891-ccd3-4602-9849-fea3d7e045ca
Enabled leaf: 0cf35835-4f43-4f49-83f0-8bc61e27d2c6
Enabled leaf: 1676bd35-adc0-4874-a7f6-b70bbd103e35
Enabled leaf: 197ed47d-8726-46d7-a907-c292257605d7
Enabled leaf: 26f0fc5f-c7cc-4917-905b-7d5d20a490c8
Enabled leaf: 2e151ebf-7913-49eb-83f7-10f1b73fc84d
Enabled leaf: 40364bbe-d9b2-4f0d-a83e-984d8754432c
Enabled leaf: 51cefb6d-daac-49d6-93d0-5f1607581d0b
Enabled leaf: 5670ff8e-a062-4fcb-a569-136066aead2d
Enabled leaf: 5bcb3992-c452-4a11-8be8-1bad9b347916
Enabled leaf: 73400315-9a9b-482c-89f2-3dc05eddf230
Enabled leaf: 8d8bddb8-7e57-4c39-9d5b-e5dc54e8ecce
Enabled leaf: af6dac8e-cbf1-40c9-a8b1-d2993a8349c8
Enabled leaf: afd2047a-5605-416e-9801-fddbd3089131
Enabled leaf: b152f43e-4bcf-468f-9875-026c814ffa29
Enabled leaf: bea89456-5e56-4436-8de4-f0968e71580c
Enabled leaf: ce2ea598-e429-4d38-aa7d-4e5f8e5963e2
Enabled leaf: d916ecc5-9d3c-47bc-9f14-309ae314b1ef
Enabled leaf: f9e1110c-5985-48d3-9125-5456e73e29d6
Root item: <wx._dataview.TreeListItem object at 0x0000025DD4289BD0>
Valid board for 00a5238f-a54e-4948-8b28-7676fff079b4
Valid child board for 
Instance is a branch: Root
Valid board for 00a5238f-a54e-4948-8b28-7676fff079b4
Instance is a leaf: /00a5238f-a54e-4948-8b28-7676fff079b4
Valid board for 0600d891-ccd3-4602-9849-fea3d7e045ca
Instance is a leaf: /0600d891-ccd3-4602-9849-fea3d7e045ca
Valid board for 0cf35835-4f43-4f49-83f0-8bc61e27d2c6
Instance is a leaf: /0cf35835-4f43-4f49-83f0-8bc61e27d2c6
Valid board for 1676bd35-adc0-4874-a7f6-b70bbd103e35
Instance is a leaf: /1676bd35-adc0-4874-a7f6-b70bbd103e35
Valid board for 197ed47d-8726-46d7-a907-c292257605d7
Instance is a leaf: /197ed47d-8726-46d7-a907-c292257605d7
Valid board for 26f0fc5f-c7cc-4917-905b-7d5d20a490c8
Instance is a leaf: /26f0fc5f-c7cc-4917-905b-7d5d20a490c8
Valid board for 2e151ebf-7913-49eb-83f7-10f1b73fc84d
Instance is a leaf: /2e151ebf-7913-49eb-83f7-10f1b73fc84d
Valid board for 40364bbe-d9b2-4f0d-a83e-984d8754432c
Instance is a leaf: /40364bbe-d9b2-4f0d-a83e-984d8754432c
Valid board for 51cefb6d-daac-49d6-93d0-5f1607581d0b
Instance is a leaf: /51cefb6d-daac-49d6-93d0-5f1607581d0b
Valid board for 5670ff8e-a062-4fcb-a569-136066aead2d
Instance is a leaf: /5670ff8e-a062-4fcb-a569-136066aead2d
Valid board for 5bcb3992-c452-4a11-8be8-1bad9b347916
Instance is a leaf: /5bcb3992-c452-4a11-8be8-1bad9b347916
Valid board for 73400315-9a9b-482c-89f2-3dc05eddf230
Instance is a leaf: /73400315-9a9b-482c-89f2-3dc05eddf230
Valid board for 8d8bddb8-7e57-4c39-9d5b-e5dc54e8ecce
Instance is a leaf: /8d8bddb8-7e57-4c39-9d5b-e5dc54e8ecce
Valid board for af6dac8e-cbf1-40c9-a8b1-d2993a8349c8
Instance is a leaf: /af6dac8e-cbf1-40c9-a8b1-d2993a8349c8
Valid board for afd2047a-5605-416e-9801-fddbd3089131
Instance is a leaf: /afd2047a-5605-416e-9801-fddbd3089131
Valid board for b152f43e-4bcf-468f-9875-026c814ffa29
Instance is a leaf: /b152f43e-4bcf-468f-9875-026c814ffa29
Valid board for bea89456-5e56-4436-8de4-f0968e71580c
Instance is a leaf: /bea89456-5e56-4436-8de4-f0968e71580c
Valid board for ce2ea598-e429-4d38-aa7d-4e5f8e5963e2
Instance is a leaf: /ce2ea598-e429-4d38-aa7d-4e5f8e5963e2
Valid board for d916ecc5-9d3c-47bc-9f14-309ae314b1ef
Instance is a leaf: /d916ecc5-9d3c-47bc-9f14-309ae314b1ef
Valid board for f9e1110c-5985-48d3-9125-5456e73e29d6
Instance is a leaf: /f9e1110c-5985-48d3-9125-5456e73e29d6
Enabled leaf: f9e1110c-5985-48d3-9125-5456e73e29d6
Enabled leaf: d916ecc5-9d3c-47bc-9f14-309ae314b1ef
Enabled leaf: ce2ea598-e429-4d38-aa7d-4e5f8e5963e2
Enabled leaf: bea89456-5e56-4436-8de4-f0968e71580c
Enabled leaf: b152f43e-4bcf-468f-9875-026c814ffa29
Enabled leaf: afd2047a-5605-416e-9801-fddbd3089131
Enabled leaf: af6dac8e-cbf1-40c9-a8b1-d2993a8349c8
Enabled leaf: 8d8bddb8-7e57-4c39-9d5b-e5dc54e8ecce
Enabled leaf: 73400315-9a9b-482c-89f2-3dc05eddf230
Enabled leaf: 5bcb3992-c452-4a11-8be8-1bad9b347916
Enabled leaf: 5670ff8e-a062-4fcb-a569-136066aead2d
Enabled leaf: 51cefb6d-daac-49d6-93d0-5f1607581d0b
Enabled leaf: 40364bbe-d9b2-4f0d-a83e-984d8754432c
Enabled leaf: 2e151ebf-7913-49eb-83f7-10f1b73fc84d
Enabled leaf: 26f0fc5f-c7cc-4917-905b-7d5d20a490c8
Enabled leaf: 197ed47d-8726-46d7-a907-c292257605d7
Enabled leaf: 1676bd35-adc0-4874-a7f6-b70bbd103e35
Enabled leaf: 0cf35835-4f43-4f49-83f0-8bc61e27d2c6
Enabled leaf: 0600d891-ccd3-4602-9849-fea3d7e045ca
Enabled leaf: 00a5238f-a54e-4948-8b28-7676fff079b4
Saving info for 00a5238f-a54e-4948-8b28-7676fff079b4
Saving info for 0600d891-ccd3-4602-9849-fea3d7e045ca
Saving info for 0cf35835-4f43-4f49-83f0-8bc61e27d2c6
Saving info for 1676bd35-adc0-4874-a7f6-b70bbd103e35
Saving info for 197ed47d-8726-46d7-a907-c292257605d7
Saving info for 26f0fc5f-c7cc-4917-905b-7d5d20a490c8
Saving info for 2e151ebf-7913-49eb-83f7-10f1b73fc84d
Saving info for 40364bbe-d9b2-4f0d-a83e-984d8754432c
Saving info for 51cefb6d-daac-49d6-93d0-5f1607581d0b
Saving info for 5670ff8e-a062-4fcb-a569-136066aead2d
Saving info for 5bcb3992-c452-4a11-8be8-1bad9b347916
Saving info for 73400315-9a9b-482c-89f2-3dc05eddf230
Saving info for 8d8bddb8-7e57-4c39-9d5b-e5dc54e8ecce
Saving info for af6dac8e-cbf1-40c9-a8b1-d2993a8349c8
Saving info for afd2047a-5605-416e-9801-fddbd3089131
Saving info for b152f43e-4bcf-468f-9875-026c814ffa29
Saving info for bea89456-5e56-4436-8de4-f0968e71580c
Saving info for ce2ea598-e429-4d38-aa7d-4e5f8e5963e2
Saving info for d916ecc5-9d3c-47bc-9f14-309ae314b1ef
Saving info for f9e1110c-5985-48d3-9125-5456e73e29d6
Saving anchor Q1097 for C:\Users\jayde\hackclubprojects\SRAM\kicad\sramBoard\1_16_5V_DEMUX_NOTOUT\5V_5NAND\5V_5NAND.kicad_sch
Saving anchor Q1026 for C:\Users\jayde\hackclubprojects\SRAM\kicad\sramBoard\1_16_5V_DEMUX_NOTOUT\5VNOT\5VNOT.kicad_sch
Saved.
